../Core/Src/main.c:93:9:ReadTargetTemperatureFromFlash	4	static
../Core/Src/main.c:97:6:SaveTargetTemperature	48	static
../Core/Src/main.c:120:6:set_target_temperature	16	static
../Core/Src/main.c:124:9:get_target_temperature	8	static
../Core/Src/main.c:128:6:dht_read_data	24	static
../Core/Src/main.c:147:6:microDelay	16	static
../Core/Src/main.c:152:9:DHT11_Start	32	static
../Core/Src/main.c:183:9:DHT11_Read	16	static
../Core/Src/main.c:209:6:uart_send_data	16	static
../Core/Src/main.c:214:6:uart_receive	16	static
../Core/Src/main.c:218:10:uart_receive_data	24	static
../Core/Src/main.c:246:6:parse_json	24	static
../Core/Src/main.c:255:6:HAL_UART_RxCpltCallback	24	static
../Core/Src/main.c:271:6:LED_On	16	static
../Core/Src/main.c:275:6:LED_Off	16	static
../Core/Src/main.c:278:5:main	248	static
../Core/Src/main.c:352:6:SystemClock_Config	88	static
../Core/Src/main.c:400:13:MX_TIM1_Init	32	static
../Core/Src/main.c:446:13:MX_USART2_UART_Init	8	static
../Core/Src/main.c:479:13:MX_GPIO_Init	40	static
../Core/Src/main.c:522:6:Error_Handler	4	static,ignoring_inline_asm
